GeoSys-OUT: Output ------------------------------------------------
#OUTPUT // profile
 $NOD_VALUES
  HEAD
  ConsTracer
  Comp_A
  Comp_B
  Comp_C
  Biomass
  eta_mob_0
  eta_mob_1
  eta_mob_2
  xi_mob_0
  xi_immob_0
  xi_mob_rate_0
  xi_immob_rate_0
 $ELE_VALUES
  VELOCITY
 $GEO_TYPE
  DOMAIN
 $DAT_TYPE
  PVD
 $TIM_TYPE
  STEPS 10

#OUTPUT // profile
 $NOD_VALUES
  HEAD
  ConsTracer
  Comp_A
  Comp_B
  Comp_C
  Biomass
  eta_mob_0
  eta_mob_1
  eta_mob_2
  xi_mob_0
  xi_immob_0
  xi_mob_rate_0
  xi_immob_rate_0
 $ELE_VALUES
  VELOCITY
 $GEO_TYPE
  POLYLINE PLY_4
 $DAT_TYPE
  PVD
 $TIM_TYPE
  STEPS 10
#STOP

